// Vitest Snapshot v1, https://vitest.dev/guide/snapshot.html

exports[`Transactions > displays content correctly 1`] = `"All transactionsAll marketsAug 23, 2024Withdraw04:17 AM> 100T USDT$24.06K • vUSDT • MetaverseViewAug 06, 2024Supply02:18 AM> 100T USDT$24.01K • vUSDT • MetaverseViewAug 05, 2024Borrow02:18 AM> 100T USDT$24.01K • vUSDT • MetaverseViewAug 04, 2024Repayment02:18 AM> 100T USDT$24.01K • vUSDT • MetaverseViewAug 03, 2024Enabled collateral02:18 AMEnabled vUSDT as collateralMetaverseViewDisabled collateral02:18 AMDisabled vUSDT as collateralMetaverseViewAug 02, 2024Approval02:18 AMApproved spending > 100T vUSDTvUSDT • MetaverseView"`;

exports[`Transactions > displays placeholder when there are no transactions to display 1`] = `"All transactionsAll marketsNo transactions yetYour transactions will appear here"`;
